[sema\fail-type-mismatch.bat:5:2] Error: Return value type (bool) does not match function type (int)
[sema\fail-type-mismatch.bat:11:1] Error: Cannot assign expression of type int to variable of type string
[sema\fail-type-mismatch.bat:12:0] Error: Cannot assign expression of type string to variable of type int
[sema\fail-type-mismatch.bat:13:0] Error: 'void' is an invalid variable type
