[sema\fail-void-arg.bat:1:14] Error: 'void' is an invalid variable type
