15
15.1
5
4.9
2
1
1.42857
50
51
2
2
1
0
3
5
1
0
1
0
1
0
1
1
0
0
1
1
0
1
0
1
1
0
1
1
1
0
1
1
0
0
1
0
0
1
0
5
10
15
10
2
10
0
5
0
15
